qemu-kvm: -chardev socket,id=char1,path=/var/run/openvswitch/vhostusrclt1.sock,server: info: QEMU waiting for connection on: disconnected:unix:/var/run/openvswitch/vhostusrclt1.sock,server
c[?7l[2J[0mSeaBIOS (version 1.11.0-2.el7)


iPXE (http://ipxe.org) 00:03.0 C980 PCI2.10 PnP PMM+3FF94700+3FED4700 C980
Press Ctrl-B to configure iPXE (PCI 00:03.0)...                                                                               


Booting from Hard Disk...
.
[H[J[1;1H[?25l[m[H[J[1;1H[20;7H[mUse the ^ and v keys to change the selection.                       
      Press 'e' to edit the selected item, or 'c' for a command prompt.   [4;80H [7m[4;1H      CentOS Linux (3.10.0-693.17.1.el7.x86_64) 7 (Core)                       [m[4;79H[m[m[5;1H      CentOS Linux (3.10.0-514.16.1.el7.x86_64) 7 (Core)                       [m[5;79H[m[m[6;1H      CentOS Linux (0-rescue-8bd05758fdfc1903174c9fcaf82b71ca) 7 (Core)        [m[6;79H[m[m[7;1H                                                                               [m[7;79H[m[m[8;1H                                                                               [m[8;79H[m[m[9;1H                                                                               [m[9;79H[m[m[10;1H                                                                               [m[10;79H[m[m[11;1H                                                                               [m[11;79H[m[m[12;1H                                                                               [m[12;79H[m[m[13;1H                                                                               [m[13;79H[m[m[14;1H                                                                               [m[14;79H[m[m[15;1H                                                                               [m[15;79H[m[m[16;1H                                                                               [m[16;79H[m[m[17;1H                                                                               [m[17;79H[m[m[18;1H                                                                               [m[18;79H[m[18;80H [4;79H[01;01H[2J[21;07HUse the â†‘ and â†“ keys to change the selection.                       
      Press 'e' to edit the selected item, or 'c' for a command prompt.   [04;80H [0;30;47m      CentOS Linux (3.10.0-693.17.1.el7.x86_64) 7 (Core)                       
[0m      CentOS Linux (3.10.0-514.16.1.el7.x86_64) 7 (Core)                       
      CentOS Linux (0-rescue-8bd05758fdfc1903174c9fcaf82b71ca) 7 (Core)        
                                                                               
                                                                               
                                                                               
                                                                               
                                                                               
                                                                               
                                                                               
                                                                               
                                                                               
                                                                               
                                                                               
                                                                               
                                                                                



   The selected entry will be started automatically in 1s.                    [22;1H   The selected entry will be started automatically in 1s.                     [4;79H [04;79H


















   The selected entry will be started automatically in 0s.                    [22;1H   The selected entry will be started automatically in 0s.                     [4;79H [01;01H[2J[?25h[H[J[1;1H[H[J[1;1H[2JProbing EDD (edd=off to disable)... oc[?7l[2J[    0.000000] Initializing cgroup subsys cpuset
[    0.000000] Initializing cgroup subsys cpu
[    0.000000] Initializing cgroup subsys cpuacct
[    0.000000] Linux version 3.10.0-693.17.1.el7.x86_64 (builder@kbuilder.dev.centos.org) (gcc version 4.8.5 20150623 (Red Hat 4.8.5-16) (GCC) ) #1 SMP Thu Jan 25 20:13:58 UTC 2018
[    0.000000] Command line: BOOT_IMAGE=/boot/vmlinuz-3.10.0-693.17.1.el7.x86_64 root=UUID=29342a0b-e20f-4676-9ecf-dfdf02ef6683 ro console=tty0 console=ttyS0,115200n8 crashkernel=auto console=ttyS0,115200 LANG=en_US.UTF-8
[    0.000000] e820: BIOS-provided physical RAM map:
[    0.000000] BIOS-e820: [mem 0x0000000000000000-0x000000000009fbff] usable
[    0.000000] BIOS-e820: [mem 0x000000000009fc00-0x000000000009ffff] reserved
[    0.000000] BIOS-e820: [mem 0x00000000000f0000-0x00000000000fffff] reserved
[    0.000000] BIOS-e820: [mem 0x0000000000100000-0x000000003ffdffff] usable
[    0.000000] BIOS-e820: [mem 0x000000003ffe0000-0x000000003fffffff] reserved
[    0.000000] BIOS-e820: [mem 0x00000000feffc000-0x00000000feffffff] reserved
[    0.000000] BIOS-e820: [mem 0x00000000fffc0000-0x00000000ffffffff] reserved
[    0.000000] NX (Execute Disable) protection: active
[    0.000000] SMBIOS 2.8 present.
[    0.000000] Hypervisor detected: KVM
[    0.000000] e820: last_pfn = 0x3ffe0 max_arch_pfn = 0x400000000
[    0.000000] x86 PAT enabled: cpu 0, old 0x7040600070406, new 0x7010600070106
[    0.000000] found SMP MP-table at [mem 0x000f63c0-0x000f63cf] mapped at [ffff8800000f63c0]
[    0.000000] Using GB pages for direct mapping
[    0.000000] RAMDISK: [mem 0x32f78000-0x357b3fff]
[    0.000000] Early table checksum verification disabled
[    0.000000] ACPI: RSDP 00000000000f61a0 00014 (v00 BOCHS )
[    0.000000] ACPI: RSDT 000000003ffe15e8 00030 (v01 BOCHS  BXPCRSDT 00000001 BXPC 00000001)
[    0.000000] ACPI: FACP 000000003ffe1444 00074 (v01 BOCHS  BXPCFACP 00000001 BXPC 00000001)
[    0.000000] ACPI: DSDT 000000003ffe0040 01404 (v01 BOCHS  BXPCDSDT 00000001 BXPC 00000001)
[    0.000000] ACPI: FACS 000000003ffe0000 00040
[    0.000000] ACPI: APIC 000000003ffe14b8 00078 (v01 BOCHS  BXPCAPIC 00000001 BXPC 00000001)
[    0.000000] ACPI: SRAT 000000003ffe1530 000B8 (v01 BOCHS  BXPCSRAT 00000001 BXPC 00000001)
[    0.000000] SRAT: PXM 0 -> APIC 0x00 -> Node 0
[    0.000000] SRAT: Node 0 PXM 0 [mem 0x00000000-0x0009ffff]
[    0.000000] SRAT: Node 0 PXM 0 [mem 0x00100000-0x3fffffff]
[    0.000000] NUMA: Node 0 [mem 0x00000000-0x0009ffff] + [mem 0x00100000-0x3ffdffff] -> [mem 0x00000000-0x3ffdffff]
[    0.000000] NODE_DATA(0) allocated [mem 0x3ffb9000-0x3ffdffff]
[    0.000000] crashkernel=auto resulted in zero bytes of reserved memory.
[    0.000000] kvm-clock: Using msrs 4b564d01 and 4b564d00
[    0.000000] kvm-clock: cpu 0, msr 0:3ff69001, primary cpu clock
[    0.000000] kvm-clock: using sched offset of 7268761493 cycles
[    0.000000] Zone ranges:
[    0.000000]   DMA      [mem 0x00001000-0x00ffffff]
[    0.000000]   DMA32    [mem 0x01000000-0xffffffff]
[    0.000000]   Normal   empty
[    0.000000] Movable zone start for each node
[    0.000000] Early memory node ranges
[    0.000000]   node   0: [mem 0x00001000-0x0009efff]
[    0.000000]   node   0: [mem 0x00100000-0x3ffdffff]
[    0.000000] Initmem setup node 0 [mem 0x00001000-0x3ffdffff]
[    0.000000] ACPI: PM-Timer IO Port: 0x608
[    0.000000] ACPI: LAPIC (acpi_id[0x00] lapic_id[0x00] enabled)
[    0.000000] ACPI: LAPIC_NMI (acpi_id[0xff] dfl dfl lint[0x1])
[    0.000000] ACPI: IOAPIC (id[0x00] address[0xfec00000] gsi_base[0])
[    0.000000] IOAPIC[0]: apic_id 0, version 17, address 0xfec00000, GSI 0-23
[    0.000000] ACPI: INT_SRC_OVR (bus 0 bus_irq 0 global_irq 2 dfl dfl)
[    0.000000] ACPI: INT_SRC_OVR (bus 0 bus_irq 5 global_irq 5 high level)
[    0.000000] ACPI: INT_SRC_OVR (bus 0 bus_irq 9 global_irq 9 high level)
[    0.000000] ACPI: INT_SRC_OVR (bus 0 bus_irq 10 global_irq 10 high level)
[    0.000000] ACPI: INT_SRC_OVR (bus 0 bus_irq 11 global_irq 11 high level)
[    0.000000] Using ACPI (MADT) for SMP configuration information
[    0.000000] smpboot: Allowing 1 CPUs, 0 hotplug CPUs
[    0.000000] PM: Registered nosave memory: [mem 0x0009f000-0x0009ffff]
[    0.000000] PM: Registered nosave memory: [mem 0x000a0000-0x000effff]
[    0.000000] PM: Registered nosave memory: [mem 0x000f0000-0x000fffff]
[    0.000000] e820: [mem 0x40000000-0xfeffbfff] available for PCI devices
[    0.000000] Booting paravirtualized kernel on KVM
[    0.000000] setup_percpu: NR_CPUS:5120 nr_cpumask_bits:1 nr_cpu_ids:1 nr_node_ids:1
[    0.000000] PERCPU: Embedded 35 pages/cpu @ffff88003fc00000 s104536 r8192 d30632 u2097152
[    0.000000] KVM setup async PF for cpu 0
[    0.000000] kvm-stealtime: cpu 0, msr 3fc13440
[    0.000000] PV qspinlock hash table entries: 256 (order: 0, 4096 bytes)
[    0.000000] Built 1 zonelists in Node order, mobility grouping on.  Total pages: 257897
[    0.000000] Policy zone: DMA32
[    0.000000] Kernel command line: BOOT_IMAGE=/boot/vmlinuz-3.10.0-693.17.1.el7.x86_64 root=UUID=29342a0b-e20f-4676-9ecf-dfdf02ef6683 ro console=tty0 console=ttyS0,115200n8 crashkernel=auto console=ttyS0,115200 LANG=en_US.UTF-8
[    0.000000] PID hash table entries: 4096 (order: 3, 32768 bytes)
[    0.000000] x86/fpu: xstate_offset[2]: 0240, xstate_sizes[2]: 0100
[    0.000000] xsave: enabled xstate_bv 0x7, cntxt size 0x340 using standard form
[    0.000000] Memory: 973100k/1048448k available (6916k kernel code, 392k absent, 74956k reserved, 4551k data, 1800k init)
[    0.000000] SLUB: HWalign=64, Order=0-3, MinObjects=0, CPUs=1, Nodes=1
[    0.000000] x86/pti: Unmapping kernel while in userspace
[    0.000000] Hierarchical RCU implementation.
[    0.000000] 	RCU restricting CPUs from NR_CPUS=5120 to nr_cpu_ids=1.
[    0.000000] NR_IRQS:327936 nr_irqs:256 0
[    0.000000] Console: colour VGA+ 80x25
[    0.000000] console [tty0] enabled
[    0.000000] console [ttyS0] enabled
[    0.000000] allocated 4194304 bytes of page_cgroup
[    0.000000] please try 'cgroup_disable=memory' option if you don't want memory cgroups
[    0.000000] tsc: Detected 3491.912 MHz processor
[    0.220868] Calibrating delay loop (skipped) preset value.. 6983.82 BogoMIPS (lpj=3491912)
[    0.235111] pid_max: default: 32768 minimum: 301
[    0.236341] Security Framework initialized
[    0.237486] SELinux:  Initializing.
[    0.238549] Yama: becoming mindful.
[    0.239733] Dentry cache hash table entries: 131072 (order: 8, 1048576 bytes)
[    0.241414] Inode-cache hash table entries: 65536 (order: 7, 524288 bytes)
[    0.243029] Mount-cache hash table entries: 2048 (order: 2, 16384 bytes)
[    0.244516] Mountpoint-cache hash table entries: 2048 (order: 2, 16384 bytes)
[    0.246260] Initializing cgroup subsys memory
[    0.247450] Initializing cgroup subsys devices
[    0.248668] Initializing cgroup subsys freezer
[    0.249883] Initializing cgroup subsys net_cls
[    0.251112] Initializing cgroup subsys blkio
[    0.252286] Initializing cgroup subsys perf_event
[    0.253518] Initializing cgroup subsys hugetlb
[    0.254717] Initializing cgroup subsys pids
[    0.255874] Initializing cgroup subsys net_prio
[    0.257122] CPU: Physical Processor ID: 0
[    0.258267] FEATURE SPEC_CTRL Present
[    0.259345] FEATURE IBPB_SUPPORT Present
[    0.261183] mce: CPU supports 10 MCE banks
[    0.262358] Last level iTLB entries: 4KB 0, 2MB 0, 4MB 0
[    0.263672] Last level dTLB entries: 4KB 0, 2MB 0, 4MB 0
[    0.264974] tlb_flushall_shift: 6
[    0.284311] Freeing SMP alternatives: 24k freed
[    0.291059] ACPI: Core revision 20130517
[    0.292583] ACPI: All ACPI Tables successfully acquired
[    0.294062] ftrace: allocating 26618 entries in 104 pages
[    0.319088] Enabling x2apic
[    0.320054] Enabled x2apic
[    0.321222] Switched APIC routing to physical x2apic.
[    0.323664] ..TIMER: vector=0x30 apic1=0 pin1=2 apic2=-1 pin2=-1
[    0.325059] smpboot: CPU0: Intel(R) Core(TM) i5-4690 CPU @ 3.50GHz (fam: 06, model: 3c, stepping: 03)
[    0.327693] Performance Events: 16-deep LBR, Haswell events, Intel PMU driver.
[    0.329980] ... version:                2
[    0.331073] ... bit width:              48
[    0.332175] ... generic registers:      8
[    0.333266] ... value mask:             0000ffffffffffff
[    0.334546] ... max period:             000000007fffffff
[    0.335806] ... fixed-purpose events:   3
[    0.336895] ... event mask:             00000007000000ff
[    0.338175] KVM setup paravirtual spinlock
[    0.340151] Brought up 1 CPUs
[    0.341115] smpboot: Max logical packages: 1
[    0.342240] smpboot: Total of 1 processors activated (6983.82 BogoMIPS)
[    0.343990] devtmpfs: initialized
[    0.345959] EVM: security.selinux
[    0.346964] EVM: security.ima
[    0.347915] EVM: security.capability
[    0.349437] atomic64 test passed for x86-64 platform with CX8 and with SSE
[    0.350918] pinctrl core: initialized pinctrl subsystem
[    0.352257] RTC time: 23:28:25, date: 06/15/20
[    0.353466] NET: Registered protocol family 16
[    0.354757] ACPI: bus type PCI registered
[    0.355854] acpiphp: ACPI Hot Plug PCI Controller Driver version: 0.5
[    0.357346] PCI: Using configuration type 1 for base access
[    0.358664] core: PMU erratum BJ122, BV98, HSD29 workaround disabled, HT off
[    0.360660] ACPI: Added _OSI(Module Device)
[    0.361787] ACPI: Added _OSI(Processor Device)
[    0.362935] ACPI: Added _OSI(3.0 _SCP Extensions)
[    0.364119] ACPI: Added _OSI(Processor Aggregator Device)
[    0.366216] ACPI: Interpreter enabled
[    0.367278] ACPI: (supports S0 S5)
[    0.368289] ACPI: Using IOAPIC for interrupt routing
[    0.369513] PCI: Using host bridge windows from ACPI; if necessary, use "pci=nocrs" and report a bug
[    0.373091] ACPI: PCI Root Bridge [PCI0] (domain 0000 [bus 00-ff])
[    0.374472] acpi PNP0A03:00: _OSC: OS supports [ASPM ClockPM Segments MSI]
[    0.375958] acpi PNP0A03:00: _OSC failed (AE_NOT_FOUND); disabling ASPM
[    0.377423] acpi PNP0A03:00: fail to add MMCONFIG information, can't access extended PCI configuration space under this bridge.
[    0.380114] acpiphp: Slot [3] registered
[    0.381209] acpiphp: Slot [4] registered
[    0.382300] acpiphp: Slot [5] registered
[    0.383419] acpiphp: Slot [6] registered
[    0.384530] acpiphp: Slot [7] registered
[    0.385620] acpiphp: Slot [8] registered
[    0.386731] acpiphp: Slot [9] registered
[    0.387823] acpiphp: Slot [10] registered
[    0.388926] acpiphp: Slot [11] registered
[    0.390031] acpiphp: Slot [12] registered
[    0.391131] acpiphp: Slot [13] registered
[    0.392251] acpiphp: Slot [14] registered
[    0.393352] acpiphp: Slot [15] registered
[    0.394456] acpiphp: Slot [16] registered
[    0.395561] acpiphp: Slot [17] registered
[    0.396685] acpiphp: Slot [18] registered
[    0.397842] acpiphp: Slot [19] registered
[    0.398951] acpiphp: Slot [20] registered
[    0.400056] acpiphp: Slot [21] registered
[    0.401160] acpiphp: Slot [22] registered
[    0.402262] acpiphp: Slot [23] registered
[    0.403366] acpiphp: Slot [24] registered
[    0.404495] acpiphp: Slot [25] registered
[    0.405617] acpiphp: Slot [26] registered
[    0.406759] acpiphp: Slot [27] registered
[    0.407885] acpiphp: Slot [28] registered
[    0.409050] acpiphp: Slot [29] registered
[    0.410153] acpiphp: Slot [30] registered
[    0.411277] acpiphp: Slot [31] registered
[    0.412376] PCI host bridge to bus 0000:00
[    0.413477] pci_bus 0000:00: root bus resource [bus 00-ff]
[    0.414758] pci_bus 0000:00: root bus resource [io  0x0000-0x0cf7 window]
[    0.416210] pci_bus 0000:00: root bus resource [io  0x0d00-0xffff window]
[    0.417708] pci_bus 0000:00: root bus resource [mem 0x000a0000-0x000bffff window]
[    0.419731] pci_bus 0000:00: root bus resource [mem 0x40000000-0xfebfffff window]
[    0.421754] pci_bus 0000:00: root bus resource [mem 0x100000000-0x17fffffff window]
[    0.425990] pci 0000:00:01.1: legacy IDE quirk: reg 0x10: [io  0x01f0-0x01f7]
[    0.427514] pci 0000:00:01.1: legacy IDE quirk: reg 0x14: [io  0x03f6]
[    0.428943] pci 0000:00:01.1: legacy IDE quirk: reg 0x18: [io  0x0170-0x0177]
[    0.430444] pci 0000:00:01.1: legacy IDE quirk: reg 0x1c: [io  0x0376]
[    0.432342] pci 0000:00:01.3: quirk: [io  0x0600-0x063f] claimed by PIIX4 ACPI
[    0.434363] pci 0000:00:01.3: quirk: [io  0x0700-0x070f] claimed by PIIX4 SMB
[    0.445042] ACPI: PCI Interrupt Link [LNKA] (IRQs 5 *10 11)
[    0.447272] ACPI: PCI Interrupt Link [LNKB] (IRQs 5 *10 11)
[    0.449050] ACPI: PCI Interrupt Link [LNKC] (IRQs 5 10 *11)
[    0.450825] ACPI: PCI Interrupt Link [LNKD] (IRQs 5 10 *11)
[    0.452571] ACPI: PCI Interrupt Link [LNKS] (IRQs *9)
[    0.454182] ACPI: Enabled 2 GPEs in block 00 to 0F
[    0.455791] vgaarb: device added: PCI:0000:00:02.0,decodes=io+mem,owns=io+mem,locks=none
[    0.457920] vgaarb: loaded
[    0.458837] vgaarb: bridge control possible 0000:00:02.0
[    0.460204] SCSI subsystem initialized
[    0.461317] ACPI: bus type USB registered
[    0.462435] usbcore: registered new interface driver usbfs
[    0.463731] usbcore: registered new interface driver hub
[    0.465016] usbcore: registered new device driver usb
[    0.466381] PCI: Using ACPI for IRQ routing
[    0.467753] NetLabel: Initializing
[    0.468773] NetLabel:  domain hash size = 128
[    0.469909] NetLabel:  protocols = UNLABELED CIPSOv4
[    0.471144] NetLabel:  unlabeled traffic allowed by default
[    0.472523] amd_nb: Cannot enumerate AMD northbridges
[    0.473769] Switched to clocksource kvm-clock
[    0.477658] pnp: PnP ACPI init
[    0.478648] ACPI: bus type PNP registered
[    0.480067] pnp: PnP ACPI: found 5 devices
[    0.481178] ACPI: bus type PNP unregistered
[    0.487478] NET: Registered protocol family 2
[    0.488790] TCP established hash table entries: 8192 (order: 4, 65536 bytes)
[    0.490306] TCP bind hash table entries: 8192 (order: 5, 131072 bytes)
[    0.491742] TCP: Hash tables configured (established 8192 bind 8192)
[    0.493158] TCP: reno registered
[    0.494152] UDP hash table entries: 512 (order: 2, 16384 bytes)
[    0.495499] UDP-Lite hash table entries: 512 (order: 2, 16384 bytes)
[    0.496932] NET: Registered protocol family 1
[    0.498099] pci 0000:00:00.0: Limiting direct PCI/PCI transfers
[    0.499455] pci 0000:00:01.0: PIIX3: Enabling Passive Release
[    0.500789] pci 0000:00:01.0: Activating ISA DMA hang workarounds
[    0.502240] Unpacking initramfs...
[    0.774724] Freeing initrd memory: 41200k freed
[    0.778977] sha1_ssse3: Using AVX2 optimized SHA-1 implementation
[    0.780428] sha256_ssse3: Using AVX2 optimized SHA-256 implementation
[    0.781980] futex hash table entries: 256 (order: 2, 16384 bytes)
[    0.783372] Initialise system trusted keyring
[    0.784554] audit: initializing netlink socket (disabled)
[    0.785853] type=2000 audit(1592263700.080:1): initialized
[    0.801897] HugeTLB registered 1 GB page size, pre-allocated 0 pages
[    0.803313] HugeTLB registered 2 MB page size, pre-allocated 0 pages
[    0.805235] zpool: loaded
[    0.806159] zbud: loaded
[    0.807166] VFS: Disk quotas dquot_6.5.2
[    0.808271] Dquot-cache hash table entries: 512 (order 0, 4096 bytes)
[    0.809821] msgmni has been set to 1981
[    0.810929] Key type big_key registered
[    0.812365] NET: Registered protocol family 38
[    0.813532] Key type asymmetric registered
[    0.814643] Asymmetric key parser 'x509' registered
[    0.815877] Block layer SCSI generic (bsg) driver version 0.4 loaded (major 250)
[    0.817921] io scheduler noop registered
[    0.819009] io scheduler deadline registered (default)
[    0.820271] io scheduler cfq registered
[    0.833052] pci_hotplug: PCI Hot Plug PCI Core version: 0.5
[    0.834382] pciehp: PCI Express Hot Plug Controller Driver version: 0.4
[    0.835906] input: Power Button as /devices/LNXSYSTM:00/LNXPWRBN:00/input/input0
[    0.837935] ACPI: Power Button [PWRF]
[    0.839060] GHES: HEST is not enabled!
[    0.840165] Serial: 8250/16550 driver, 4 ports, IRQ sharing enabled
[    0.863677] 00:04: ttyS0 at I/O 0x3f8 (irq = 4) is a 16550A
[    0.865235] Non-volatile memory driver v1.3
[    0.866409] Linux agpgart interface v0.103
[    0.867627] crash memory driver: version 1.1
[    0.868836] rdac: device handler registered
[    0.870009] hp_sw: device handler registered
[    0.871176] emc: device handler registered
[    0.872313] alua: device handler registered
[    0.873484] libphy: Fixed MDIO Bus: probed
[    0.874649] ehci_hcd: USB 2.0 'Enhanced' Host Controller (EHCI) Driver
[    0.876122] ehci-pci: EHCI PCI platform driver
[    0.877315] ohci_hcd: USB 1.1 'Open' Host Controller (OHCI) Driver
[    0.878735] ohci-pci: OHCI PCI platform driver
[    0.879924] uhci_hcd: USB Universal Host Controller Interface driver
[    0.881395] usbcore: registered new interface driver usbserial
[    0.882785] usbcore: registered new interface driver usbserial_generic
[    0.884262] usbserial: USB Serial support registered for generic
[    0.885658] i8042: PNP: PS/2 Controller [PNP0303:KBD,PNP0f13:MOU] at 0x60,0x64 irq 1,12
[    0.888419] serio: i8042 KBD port at 0x60,0x64 irq 1
[    0.889669] serio: i8042 AUX port at 0x60,0x64 irq 12
[    0.890944] mousedev: PS/2 mouse device common for all mice
[    0.892484] input: AT Translated Set 2 keyboard as /devices/platform/i8042/serio0/input/input1
[    0.894881] rtc_cmos 00:00: RTC can wake from S4
[    0.896619] input: VirtualPS/2 VMware VMMouse as /devices/platform/i8042/serio1/input/input2
[    0.898785] rtc_cmos 00:00: rtc core: registered rtc_cmos as rtc0
[    0.900249] rtc_cmos 00:00: alarms up to one day, y3k, 114 bytes nvram
[    0.901854] input: VirtualPS/2 VMware VMMouse as /devices/platform/i8042/serio1/input/input3
[    0.904093] cpuidle: using governor menu
[    0.905249] hidraw: raw HID events driver (C) Jiri Kosina
[    0.906606] usbcore: registered new interface driver usbhid
[    0.907940] usbhid: USB HID core driver
[    0.909066] drop_monitor: Initializing network drop monitor service
[    0.910525] TCP: cubic registered
[    0.911527] Initializing XFRM netlink socket
[    0.912707] NET: Registered protocol family 10
[    0.913998] NET: Registered protocol family 17
[    0.915240] microcode: CPU0 sig=0x306c3, pf=0x1, revision=0x1
[    0.916605] microcode: Microcode Update Driver: v2.01 <tigran@aivazian.fsnet.co.uk>, Peter Oruba
[    0.918874] Loading compiled-in X.509 certificates
[    0.920096] Loaded X.509 cert 'CentOS Linux kpatch signing key: ea0413152cde1d98ebdca3fe6f0230904c9ef717'
[    0.922412] Loaded X.509 cert 'CentOS Linux Driver update signing key: 7f421ee0ab69461574bb358861dbe77762a4201b'
[    0.925090] Loaded X.509 cert 'CentOS Linux kernel signing key: 506c6868809d2cbf540bf0d983d5c6709dbc4f22'
[    0.927416] registered taskstats version 1
[    0.930989] Key type trusted registered
[    0.934142] Key type encrypted registered
[    0.937217] IMA: No TPM chip found, activating TPM-bypass!
[    0.938864]   Magic number: 8:494:504
[    0.940089] rtc_cmos 00:00: setting system clock to 2020-06-15 23:28:26 UTC (1592263706)
[    0.946201] Freeing unused kernel memory: 1800k freed
[    0.950620] random: systemd: uninitialized urandom read (16 bytes read)
[    0.952851] random: systemd: uninitialized urandom read (16 bytes read)
[    0.954424] random: systemd: uninitialized urandom read (16 bytes read)
[    0.956747] systemd[1]: systemd 219 running in system mode. (+PAM +AUDIT +SELINUX +IMA -APPARMOR +SMACK +SYSVINIT +UTMP +LIBCRYPTSETUP +GCRYPT +GNUTLS +ACL +XZ -LZ4 -SECCOMP +BLKID +ELFUTILS +KMOD +IDN)
[    0.960905] systemd[1]: Detected virtualization kvm.
[    0.962217] systemd[1]: Detected architecture x86-64.
[    0.963542] systemd[1]: Running in initial RAM disk.

Welcome to [0;34mCentOS Linux 7 (Core) dracut-033-502.el7_4.1 (Initramfs)[0m!

[    0.965955] systemd[1]: No hostname configured.
[    0.967218] systemd[1]: Set hostname to <localhost>.
[    0.968560] random: systemd: uninitialized urandom read (16 bytes read)
[    0.970109] systemd[1]: Initializing machine ID from random generator.
[    0.998309] random: systemd: uninitialized urandom read (16 bytes read)
[    0.999887] random: systemd: uninitialized urandom read (16 bytes read)
[    1.001466] random: systemd: uninitialized urandom read (16 bytes read)
[    1.003612] random: systemd: uninitialized urandom read (16 bytes read)
[    1.005282] random: systemd: uninitialized urandom read (16 bytes read)
[    1.006990] random: systemd: uninitialized urandom read (16 bytes read)
[[32m  OK  [0m] Reached target Timers.
[    1.012184] systemd[1]: Reached target Timers.
[    1.013430] systemd[1]: Starting Timers.
[    1.014639] systemd[1]: Started Dispatch Password Requests to Console Directory Watch.
[    1.016879] systemd[1]: Starting Dispatch Password Requests to Console Directory Watch.
[[32m  OK  [0m] Created slice Root Slice.
[    1.020146] systemd[1]: Created slice Root Slice.
[    1.021429] systemd[1]: Starting Root Slice.
[[32m  OK  [0m] Listening on udev Control Socket.
[    1.023549] systemd[1]: Listening on udev Control Socket.
[    1.024931] systemd[1]: Starting udev Control Socket.
[[32m  OK  [0m] Listening on Journal Socket.
[    1.027146] systemd[1]: Listening on Journal Socket.
[    1.028465] systemd[1]: Starting Journal Socket.
[[32m  OK  [0m] Listening on udev Kernel Socket.
[    1.030599] systemd[1]: Listening on udev Kernel Socket.
[    1.031973] systemd[1]: Starting udev Kernel Socket.
[[32m  OK  [0m] Created slice System Slice.
[    1.034208] systemd[1]: Created slice System Slice.
[    1.035516] systemd[1]: Starting System Slice.
[    1.037453] systemd[1]: Starting dracut cmdline hook...
         Starting dracut cmdline hook...
[    1.040005] systemd[1]: Starting Journal Service...
         Starting Journal Service...
[    1.046290] systemd[1]: Starting Create list of required static device nodes for the current kernel...
         Starting Create list of required st... nodes for the current kernel...
[[32m  OK  [0m] Reached target Swap.
[    1.056584] systemd[1]: Reached target Swap.
[    1.061798] systemd[1]: Starting Swap.
[[32m  OK  [0m] Reached target Slices.
[    1.066790] systemd[1]: Reached target Slices.
[    1.071802] systemd[1]: Starting Slices.
[[32m  OK  [0m] Reached target Paths.
[    1.075648] systemd[1]: Reached target Paths.
[    1.076896] systemd[1]: Starting Paths.
[[32m  OK  [0m] Reached target Local File Systems.
[    1.080791] systemd[1]: Reached target Local File Systems.
[    1.082664] systemd[1]: Starting Local File Systems.
[[32m  OK  [0m] Reached target Sockets.
[    1.085330] systemd[1]: Reached target Sockets.
[    1.087110] systemd[1]: Starting Sockets.
[    1.089314] systemd[1]: Starting Apply Kernel Variables...
         Starting Apply Kernel Variables...
[[32m  OK  [0m] Started Journal Service.
[    1.096275] systemd[1]: Started Journal Service.
[[32m  OK  [0m] Started Create list of required sta...ce nodes for the current kernel.
[[32m  OK  [0m] Started Apply Kernel Variables.
         Starting Create Static Device Nodes in /dev...
[[32m  OK  [0m] Started Create Static Device Nodes in /dev.
[[32m  OK  [0m] [    1.166357] random: fast init done
Started dracut cmdline hook.
         Starting dracut pre-udev hook...
[    1.198501] RPC: Registered named UNIX socket transport module.
[    1.199989] RPC: Registered udp transport module.
[    1.201266] RPC: Registered tcp transport module.
[    1.202536] RPC: Registered tcp NFSv4.1 backchannel transport module.
[[32m  OK  [0m] Started dracut pre-udev hook.
         Starting udev Kernel Device Manager...
[[32m  OK  [0m] Started udev Kernel Device Manager.
         Starting dracut pre-trigger hook...
[[32m  OK  [0m] Started dracut pre-trigger hook.
         Starting udev Coldplug all Devices...
         Mounting Configuration File System...
[[32m  OK  [0m] Mounted Configuration File System.
[[32m  OK  [0m] Started udev Coldplug all Devices.
         Starting dracut initqueue hook...
[[32m  OK  [0m] Reached target System Initialization.
[[32m  OK  [0m] Reached target Basic System.
[    1.380977] Floppy drive(s): fd0 is 2.88M AMI BIOS
[    1.405158] FDC 0 is a S82078B
[    1.483102] ACPI: PCI Interrupt Link [LNKC] enabled at IRQ 11
[    1.493797] scsi host0: ata_piix
[    1.496482] scsi host1: ata_piix
[    1.497704] ata1: PATA max MWDMA2 cmd 0x1f0 ctl 0x3f6 bmdma 0xc020 irq 14
[    1.499347] ata2: PATA max MWDMA2 cmd 0x170 ctl 0x376 bmdma 0xc028 irq 15
[    1.652429] ata1.00: ATA-7: QEMU HARDDISK, 2.5+, max UDMA/100
[    1.653857] ata1.00: 20971520 sectors, multi 16: LBA48 
[    1.656065] ata2.00: ATAPI: QEMU DVD-ROM, 2.5+, max UDMA/100
[    1.657900] ata1.00: configured for MWDMA2
[    1.659178] scsi 0:0:0:0: Direct-Access     ATA      QEMU HARDDISK    2.5+ PQ: 0 ANSI: 5
[    1.662047] ata2.00: configured for MWDMA2
[    1.663671] scsi 1:0:0:0: CD-ROM            QEMU     QEMU DVD-ROM     2.5+ PQ: 0 ANSI: 5
[    1.686985] sd 0:0:0:0: [sda] 20971520 512-byte logical blocks: (10.7 GB/10.0 GiB)
[    1.689535] sd 0:0:0:0: [sda] Write Protect is off
[    1.692017] sd 0:0:0:0: [sda] Write cache: enabled, read cache: enabled, doesn't support DPO or FUA
[    1.695212]  sda: sda1
[    1.696473] sd 0:0:0:0: [sda] Attached SCSI disk
[    1.702401] sr 1:0:0:0: [sr0] scsi3-mmc drive: 4x/4x cd/rw xa/form2 tray
[    1.703991] cdrom: Uniform CD-ROM driver Revision: 3.20
[[32m  OK  [0m] Found device QEMU_HARDDISK 1.
         Starting File System Check on /dev/...b-e20f-4676-9ecf-dfdf02ef6683...
[[32m  OK  [0m] Started File System Check on /dev/d...a0b-e20f-4676-9ecf-dfdf02ef6683.
[    1.779830] tsc: Refined TSC clocksource calibration: 3491.856 MHz
[[32m  OK  [0m] Started dracut initqueue hook.
         Mounting /sysroot...
[[32m  OK  [0m] Reached target Remote File Systems (Pre).
[[32m  OK  [0m] Reached target Remote File Systems.
[    1.845869] SGI XFS with ACLs, security attributes, no debug enabled
[    1.850302] XFS (sda1): Mounting V5 Filesystem
[    1.861416] XFS (sda1): Ending clean mount
[[32m  OK  [0m] Mounted /sysroot.
[[32m  OK  [0m] Reached target Initrd Root File System.
         Starting Reload Configuration from the Real Root...
[[32m  OK  [0m] Started Reload Configuration from the Real Root.
[[32m  OK  [0m] Reached target Initrd File Systems.
[[32m  OK  [0m] Reached target Initrd Default Target.
         Starting dracut pre-pivot and cleanup hook...
[[32m  OK  [0m] Started dracut pre-pivot and cleanup hook.
         Starting Cleaning Up and Shutting Down Daemons...
[[32m  OK  [0m] Stopped target Timers.
[[32m  OK  [0m] Stopped Cleaning Up and Shutting Down Daemons.
[[32m  OK  [0m] Stopped dracut pre-pivot and cleanup hook.
         Stopping dracut pre-pivot and cleanup hook...
[[32m  OK  [0m] Stopped target Remote File Systems.
[[32m  OK  [0m] Stopped target Remote File Systems (Pre).
[[32m  OK  [0m] Stopped dracut initqueue hook.
         Stopping dracut initqueue hook...
[[32m  OK  [0m] Stopped target Initrd Default Target.
[[32m  OK  [0m] Stopped target Basic System.
[[32m  OK  [0m] Stopped target Sockets.
[[32m  OK  [0m] Stopped target System Initialization.
[[32m  OK  [0m] Stopped target Swap.
[[32m  OK  [0m] Stopped udev Coldplug all Devices.
         Stopping udev Coldplug all Devices...
[[32m  OK  [0m] Stopped dracut pre-trigger hook.
         Stopping dracut pre-trigger hook...
[[32m  OK  [0m] Stopped target Local File Systems.
[[32m  OK  [0m] Stopped Apply Kernel Variables.
         Stopping Apply Kernel Variables...
         Stopping udev Kernel Device Manager...
[[32m  OK  [0m] Stopped target Paths.
[[32m  OK  [0m] Stopped target Slices.
[[32m  OK  [0m] Stopped udev Kernel Device Manager.
[[32m  OK  [0m] Stopped Create Static Device Nodes in /dev.
         Stopping Create Static Device Nodes in /dev...
[[32m  OK  [0m] Stopped Create list of required sta...ce nodes for the current kernel.
         Stopping Create list of required st... nodes for the current kernel...
[[32m  OK  [0m] Stopped dracut pre-udev hook.
         Stopping dracut pre-udev hook...
[[32m  OK  [0m] Stopped dracut cmdline hook.
         Stopping dracut cmdline hook...
[[32m  OK  [0m] Closed udev Control Socket.
[[32m  OK  [0m] Closed udev Kernel Socket.
         Starting Cleanup udevd DB...
[[32m  OK  [0m] Started Cleanup udevd DB.
[[32m  OK  [0m] Reached target Switch Root.
         Starting Switch Root...
[    2.151466] systemd-journald[86]: Received SIGTERM from PID 1 (systemd).
[    2.207832] SELinux:  Disabled at runtime.
[    2.209294] type=1404 audit(1592263707.768:2): selinux=0 auid=4294967295 ses=4294967295
[    2.223226] ip_tables: (C) 2000-2006 Netfilter Core Team
[    2.224643] systemd[1]: Inserted module 'ip_tables'

Welcome to [0;31mCentOS Linux 7 (Core)[0m!

[[32m  OK  [0m] Stopped Switch Root.
[[32m  OK  [0m] Stopped Journal Service.
         Starting Journal Service...
[[32m  OK  [0m] Reached target User and Group Name Lookups.
         Mounting POSIX Message Queue File System...
[[32m  OK  [0m] Reached target Swap.
[[32m  OK  [0m] Listening on LVM2 poll daemon socket.
[[32m  OK  [0m] Started Early root shell on /dev/tty9 FOR DEBUGGING ONLY.
         Starting Early root shell on /dev/tty9 FOR DEBUGGING ONLY...
         Mounting Huge Pages File System...
[[32m  OK  [0m] Created slice system-selinux\x2dpol...grate\x2dlocal\x2dchanges.slice.
[[32m  OK  [0m] Listening on udev Kernel Socket.
         Starting Create list of required st... nodes for the current kernel...
[[32m  OK  [0m] Stopped target Switch Root.
[[32m  OK  [0m] Stopped target Initrd Root File System.
[[32m  OK  [0m] Listening on udev Control Socket.
[[32m  OK  [0m] Stopped target Initrd File Systems.
         Mounting NFSD configuration filesystem...
[[32m  OK  [0m] Listening on LVM2 metadata daemon socket.
[[32m  OK  [0m] Created slice User and Session Slice.
[[32m  OK  [0m] Reached target Slices.
[[32m  OK  [0m] Listening on Device-mapper event daemon FIFOs.
         Starting Monitoring of LVM2 mirrors... dmeventd or progress polling...
[[32m  OK  [0m] Created slice system-serial\x2dgetty.slice.
         Mounting Debug File System...
[[32m  OK  [0m] Set up automount Arbitrary Executab...ats File System Automount Point.
[[32m  OK  [0m] Created slice system-getty.slice.
[[32m  OK  [0m] Listening on /dev/initctl Compatibility Named Pipe.
[[32m  OK  [0m] Stopped File System Check on Root Device.
         Stopping File System Check on Root Device...
[[32m  OK  [0m] Listening on Delayed Shutdown Socket.
         Starting Setup Virtual Console...
         Starting Apply Kernel Variables...
         Starting Remount Root and Kernel File Systems...
[[32m  OK  [0m] Mounted Debug File System.
[[32m  OK  [0m] Mounted POSIX Message Queue File System.
[[32m  OK  [0m] Mounted Huge Pages File System.
[[32m  OK  [0m] Started Journal Service.
[[32m  OK  [0m] Started Create list of required sta...ce nodes for the current kernel.
[[32m  OK  [0m] Started Apply Kernel Variables.
[[32m  OK  [0m] Started Remount Root and Kernel File Systems.
[[32m  OK  [0m] Started LVM2 metadata daemon.
         Starting LVM2 metadata daemon...
[    2.599347] Installing knfsd (copyright (C) 1996 okir@monad.swb.de).
         Starting Initial cloud-init job (pre-networking)...
         Starting Configure read-only root support...
         Starting udev Coldplug all Devices...
         Starting Load/Save Random Seed...
         Starting Create Static Device Nodes in /dev...
         Starting Flush Journal to Persistent Storage...
[[32m  OK  [0m] Mounted NFSD configuration filesystem.
[    2.689596] systemd-journald[365]: Received request to flush runtime journal from PID 1
[[32m  OK  [0m] Started Flush Journal to Persistent Storage.
[[32m  OK  [0m] Started Load/Save Random Seed.
[[32m  OK  [0m] Started Create Static Device Nodes in /dev.
         Starting udev Kernel Device Manager...
[[32m  OK  [0m] Started udev Coldplug all Devices.
         Starting udev Wait for Complete Device Initialization...
[    2.744330] random: crng init done
[[32m  OK  [0m] Started Setup Virtual Console.
[[32m  OK  [0m] Started udev Kernel Device Manager.
         Starting Show Plymouth Boot Screen...
[    2.900189] piix4_smbus 0000:00:01.3: SMBus Host Controller at 0x700, revision 0
[[32m  OK  [0m] Started Configure read-only root support.
[[32m  OK  [0m] Started Show Plymouth Boot Screen.
[    2.923874] input: PC Speaker as /devices/platform/pcspkr/input/input4
[    2.938383] sd 0:0:0:0: Attached scsi generic sg0 type 0
[[32m  OK  [0m] Found device /dev/ttyS0.
[    2.973376] sr 1:0:0:0: Attached scsi generic sg1 type 5
%G[    3.072436] ppdev: user-space parallel port driver
[    3.133915] [drm] Initialized
[    3.135915] AES CTR mode by8 optimization enabled
[    3.199285] alg: No test for __gcm-aes-aesni (__driver-gcm-aes-aesni)
[    3.221626] [drm] Found bochs VGA, ID 0xb0c0.
[    3.222899] [drm] Framebuffer size 16384 kB @ 0xfd000000, mmio @ 0xfebd0000.
[    3.230794] [TTM] Zone  kernel: Available graphics memory: 508062 kiB
[    3.232352] [TTM] Initializing pool allocator
[    3.234820] [TTM] Initializing DMA pool allocator
[[32m  OK  [0m] Started Monitoring of LVM2 mirrors,...ng dmeventd or progress polling.
[[32m  OK  [0m] Reached target Local File Systems (Pre).
%G[    3.250931] fbcon: bochsdrmfb (fb0) is primary device
[    3.292252] alg: No test for crc32 (crc32-pclmul)
[    3.297958] Console: switching to colour frame buffer device 128x48
[    3.307480] bochs-drm 0000:00:02.0: fb0: bochsdrmfb frame buffer device
[    3.317928] [drm] Initialized bochs-drm 1.0.0 20130925 for 0000:00:02.0 on minor 0
[[32m  OK  [0m] Started udev Wait for Complete Device Initialization.
         Starting Activation of DM RAID sets...
[    3.501061] device-mapper: uevent: version 1.0.3
[    3.502330] device-mapper: ioctl: 4.35.0-ioctl (2016-06-23) initialised: dm-devel@redhat.com
[[32m  OK  [0m] Started Activation of DM RAID sets.
[[32m  OK  [0m] Reached target Local File Systems.
         Starting Preprocess NFS configuration...
         Starting Tell Plymouth To Write Out Runtime Data...
         Starting Import network configuration from initramfs...
[[32m  OK  [0m] Reached target Encrypted Volumes.
[[32m  OK  [0m] Started Tell Plymouth To Write Out Runtime Data.
[[32m  OK  [0m] Started Preprocess NFS configuration.
[    3.442636] cloud-init[399]: Cloud-init v. 0.7.9 running 'init-local' at Mon, 15 Jun 2020 23:28:29 +0000. Up 3.36 seconds.
[[32m  OK  [0m] Started Import network configuration from initramfs.
         Starting Create Volatile Files and Directories...
[[32m  OK  [0m] Started Create Volatile Files and Directories.
         Starting Security Auditing Service...
[    3.846257] type=1305 audit(1592263709.405:3): audit_pid=528 old=0 auid=4294967295 ses=4294967295 res=1
[    3.931823] blk_update_request: I/O error, dev fd0, sector 0
[    3.993805] blk_update_request: I/O error, dev fd0, sector 0
[[32m  OK  [0m] Started Security Auditing Service.
         Starting Update UTMP about System Boot/Shutdown...
[[32m  OK  [0m] Started Update UTMP about System Boot/Shutdown.
[    4.050828] blk_update_request: I/O error, dev fd0, sector 0
[    4.152826] blk_update_request: I/O error, dev fd0, sector 0
[    4.209822] blk_update_request: I/O error, dev fd0, sector 0
[    4.266821] blk_update_request: I/O error, dev fd0, sector 0
[    4.324823] blk_update_request: I/O error, dev fd0, sector 0
[    4.381824] blk_update_request: I/O error, dev fd0, sector 0
[    4.438822] blk_update_request: I/O error, dev fd0, sector 0
[[32m  OK  [0m] Started Initial cloud-init job (pre-networking).
[[32m  OK  [0m] Reached target Network (Pre).
[[32m  OK  [0m] Reached target System Initialization.
[[32m  OK  [0m] Reached target Paths.
[[32m  OK  [0m] Listening on Open-iSCSI iscsid Socket.
[[32m  OK  [0m] Listening on RPCbind Server Activation Socket.
[[32m  OK  [0m] Reached target Timers.
[[32m  OK  [0m] Listening on Open-iSCSI iscsiuio Socket.
[[32m  OK  [0m] Listening on D-Bus System Message Bus Socket.
[[32m  OK  [0m] Reached target Sockets.
[[32m  OK  [0m] Reached target Basic System.
[[32m  OK  [0m] Started D-Bus System Message Bus.
         Starting D-Bus System Message Bus...
         Starting System Logging Service...
         Starting GSSAPI Proxy Daemon...
         Starting NTP client/server...
         Starting RealtimeKit Scheduling Policy Service...
         Starting Authorization Manager...
[[32m  OK  [0m] Started irqbalance daemon.
         Starting irqbalance daemon...
         Starting Network Manager...
         Starting Login Service...
         Starting Accounts Service...
         Starting Dump dmesg to /var/log/dmesg...
[[32m  OK  [0m] Started RealtimeKit Scheduling Policy Service.
[[32m  OK  [0m] Started Login Service.
[[32m  OK  [0m] Started NTP client/server.
[[32m  OK  [0m] Started Dump dmesg to /var/log/dmesg.
[[32m  OK  [0m] Started GSSAPI Proxy Daemon.
[[32m  OK  [0m] Reached target NFS client services.
[[32m  OK  [0m] Started System Logging Service.
[[32m  OK  [0m] Started Network Manager.
         Starting Network Manager Wait Online...
         Starting Network Manager Script Dispatcher Service...
[[32m  OK  [0m] Started Authorization Manager.
[[32m  OK  [0m] Started Accounts Service.
[[32m  OK  [0m] Started Network Manager Script Dispatcher Service.
         Starting Hostname Service...
[[32m  OK  [0m] Started Hostname Service.
[    5.115325] IPv6: ADDRCONF(NETDEV_UP): eth0: link is not ready
[[32m  OK  [0m] Started Network Manager Wait Online.
         Starting LSB: Bring up/down networking...
[[32m  OK  [0m] Started LSB: Bring up/down networking.
[[32m  OK  [0m] Reached target Network.
         Starting Dynamic System Tuning Daemon...
         Starting Postfix Mail Transport Agent...
         Starting Logout off all iSCSI sessions on shutdown...
         Starting Initial cloud-init job (metadata service crawler)...
[[32m  OK  [0m] Started Logout off all iSCSI sessions on shutdown.
[[32m  OK  [0m] Reached target Remote File Systems (Pre).
[[32m  OK  [0m] Reached target Remote File Systems.
         Starting Availability of block devices...
[[32m  OK  [0m] Started Availability of block devices.
[[32m  OK  [0m] Started Dynamic System Tuning Daemon.
[    6.854667] cloud-init[833]: Cloud-init v. 0.7.9 running 'init' at Mon, 15 Jun 2020 23:28:32 +0000. Up 6.83 seconds.
[    6.922051] cloud-init[833]: ci-info: +++++++++++++++++++++++++++++++Net device info+++++++++++++++++++++++++++++++
[    6.922327] cloud-init[833]: ci-info: +--------+------+---------------+---------------+-------+-------------------+
[    6.922538] cloud-init[833]: ci-info: | Device |  Up  |    Address    |      Mask     | Scope |     Hw-Address    |
[    6.922749] cloud-init[833]: ci-info: +--------+------+---------------+---------------+-------+-------------------+
[    6.922951] cloud-init[833]: ci-info: |  lo:   | True |   127.0.0.1   |   255.0.0.0   |   .   |         .         |
[    6.923168] cloud-init[833]: ci-info: |  lo:   | True |       .       |       .       |   d   |         .         |
[    6.923365] cloud-init[833]: ci-info: | eth0:  | True | 192.168.30.12 | 255.255.255.0 |   .   | 00:00:00:00:00:02 |
[    6.923559] cloud-init[833]: ci-info: | eth0:  | True |       .       |       .       |   d   | 00:00:00:00:00:02 |
[    6.923754] cloud-init[833]: ci-info: +--------+------+---------------+---------------+-------+-------------------+
[    6.923954] cloud-init[833]: ci-info: ++++++++++++++++++++++++++++++Route IPv4 info++++++++++++++++++++++++++++++
[    6.924166] cloud-init[833]: ci-info: +-------+--------------+--------------+---------------+-----------+-------+
[    6.924360] cloud-init[833]: ci-info: | Route | Destination  |   Gateway    |    Genmask    | Interface | Flags |
[    6.924555] cloud-init[833]: ci-info: +-------+--------------+--------------+---------------+-----------+-------+
[    6.924750] cloud-init[833]: ci-info: |   0   |   0.0.0.0    | 192.168.30.1 |    0.0.0.0    |    eth0   |   UG  |
[    6.924951] cloud-init[833]: ci-info: |   1   | 192.168.30.0 |   0.0.0.0    | 255.255.255.0 |    eth0   |   U   |
[    6.925160] cloud-init[833]: ci-info: +-------+--------------+--------------+---------------+-----------+-------+
[    7.408307] blk_update_request: I/O error, dev fd0, sector 0
[[32m  OK  [0m] Started Postfix Mail Transport Agent.
[  127.543099] cloud-init[833]: 2020-06-15 23:30:33,390 - url_helper.py[WARNING]: Calling 'http://169.254.169.254/2009-04-04/meta-data/instance-id' failed [50/120s]: request error [HTTPConnectionPool(host='169.254.169.254', port=80): Max retries exceeded with url: /2009-04-04/meta-data/instance-id (Caused by ConnectTimeoutError(<requests.packages.urllib3.connection.HTTPConnection object at 0x3210790>, 'Connection to 169.254.169.254 timed out. (connect timeout=50.0)'))]
[  178.563706] cloud-init[833]: 2020-06-15 23:31:24,411 - url_helper.py[WARNING]: Calling 'http://169.254.169.254/2009-04-04/meta-data/instance-id' failed [101/120s]: request error [HTTPConnectionPool(host='169.254.169.254', port=80): Max retries exceeded with url: /2009-04-04/meta-data/instance-id (Caused by ConnectTimeoutError(<requests.packages.urllib3.connection.HTTPConnection object at 0x3210b10>, 'Connection to 169.254.169.254 timed out. (connect timeout=50.0)'))]
[  196.582926] cloud-init[833]: 2020-06-15 23:31:42,430 - url_helper.py[WARNING]: Calling 'http://169.254.169.254/2009-04-04/meta-data/instance-id' failed [119/120s]: request error [HTTPConnectionPool(host='169.254.169.254', port=80): Max retries exceeded with url: /2009-04-04/meta-data/instance-id (Caused by ConnectTimeoutError(<requests.packages.urllib3.connection.HTTPConnection object at 0x3210a90>, 'Connection to 169.254.169.254 timed out. (connect timeout=17.0)'))]
[  197.586159] cloud-init[833]: 2020-06-15 23:31:43,431 - DataSourceEc2.py[CRITICAL]: Giving up on md from ['http://169.254.169.254/2009-04-04/meta-data/instance-id'] after 120 seconds
[  197.727469] cloud-init[833]: 2020-06-15 23:31:43,574 - url_helper.py[WARNING]: Calling 'http://192.168.30.1/latest/meta-data/instance-id' failed [0/120s]: request error [[SSL: CERTIFICATE_VERIFY_FAILED] certificate verify failed (_ssl.c:579)]
[  198.858711] cloud-init[833]: 2020-06-15 23:31:44,706 - url_helper.py[WARNING]: Calling 'http://192.168.30.1/latest/meta-data/instance-id' failed [1/120s]: request error [[SSL: CERTIFICATE_VERIFY_FAILED] certificate verify failed (_ssl.c:579)]
[  199.989923] cloud-init[833]: 2020-06-15 23:31:45,837 - url_helper.py[WARNING]: Calling 'http://192.168.30.1/latest/meta-data/instance-id' failed [2/120s]: request error [[SSL: CERTIFICATE_VERIFY_FAILED] certificate verify failed (_ssl.c:579)]
[  201.121525] cloud-init[833]: 2020-06-15 23:31:46,969 - url_helper.py[WARNING]: Calling 'http://192.168.30.1/latest/meta-data/instance-id' failed [3/120s]: request error [[SSL: CERTIFICATE_VERIFY_FAILED] certificate verify failed (_ssl.c:579)]
[  202.253410] cloud-init[833]: 2020-06-15 23:31:48,100 - url_helper.py[WARNING]: Calling 'http://192.168.30.1/latest/meta-data/instance-id' failed [4/120s]: request error [[SSL: CERTIFICATE_VERIFY_FAILED] certificate verify failed (_ssl.c:579)]
[  203.384769] cloud-init[833]: 2020-06-15 23:31:49,232 - url_helper.py[WARNING]: Calling 'http://192.168.30.1/latest/meta-data/instance-id' failed [5/120s]: request error [[SSL: CERTIFICATE_VERIFY_FAILED] certificate verify failed (_ssl.c:579)]
[  205.517040] cloud-init[833]: 2020-06-15 23:31:51,364 - url_helper.py[WARNING]: Calling 'http://192.168.30.1/latest/meta-data/instance-id' failed [7/120s]: request error [[SSL: CERTIFICATE_VERIFY_FAILED] certificate verify failed (_ssl.c:579)]
[  207.649162] cloud-init[833]: 2020-06-15 23:31:53,496 - url_helper.py[WARNING]: Calling 'http://192.168.30.1/latest/meta-data/instance-id' failed [10/120s]: request error [[SSL: CERTIFICATE_VERIFY_FAILED] certificate verify failed (_ssl.c:579)]
[  209.781820] cloud-init[833]: 2020-06-15 23:31:55,629 - url_helper.py[WARNING]: Calling 'http://192.168.30.1/latest/meta-data/instance-id' failed [12/120s]: request error [[SSL: CERTIFICATE_VERIFY_FAILED] certificate verify failed (_ssl.c:579)]
[  211.914118] cloud-init[833]: 2020-06-15 23:31:57,761 - url_helper.py[WARNING]: Calling 'http://192.168.30.1/latest/meta-data/instance-id' failed [14/120s]: request error [[SSL: CERTIFICATE_VERIFY_FAILED] certificate verify failed (_ssl.c:579)]
[  214.046697] cloud-init[833]: 2020-06-15 23:31:59,894 - url_helper.py[WARNING]: Calling 'http://192.168.30.1/latest/meta-data/instance-id' failed [16/120s]: request error [[SSL: CERTIFICATE_VERIFY_FAILED] certificate verify failed (_ssl.c:579)]
[  217.179741] cloud-init[833]: 2020-06-15 23:32:03,027 - url_helper.py[WARNING]: Calling 'http://192.168.30.1/latest/meta-data/instance-id' failed [19/120s]: request error [[SSL: CERTIFICATE_VERIFY_FAILED] certificate verify failed (_ssl.c:579)]
[  220.312882] cloud-init[833]: 2020-06-15 23:32:06,160 - url_helper.py[WARNING]: Calling 'http://192.168.30.1/latest/meta-data/instance-id' failed [22/120s]: request error [[SSL: CERTIFICATE_VERIFY_FAILED] certificate verify failed (_ssl.c:579)]
[  223.456384] cloud-init[833]: 2020-06-15 23:32:09,303 - url_helper.py[WARNING]: Calling 'http://192.168.30.1/latest/meta-data/instance-id' failed [25/120s]: request error [[SSL: CERTIFICATE_VERIFY_FAILED] certificate verify failed (_ssl.c:579)]
[  226.589456] cloud-init[833]: 2020-06-15 23:32:12,436 - url_helper.py[WARNING]: Calling 'http://192.168.30.1/latest/meta-data/instance-id' failed [29/120s]: request error [[SSL: CERTIFICATE_VERIFY_FAILED] certificate verify failed (_ssl.c:579)]
[  229.722572] cloud-init[833]: 2020-06-15 23:32:15,570 - url_helper.py[WARNING]: Calling 'http://192.168.30.1/latest/meta-data/instance-id' failed [32/120s]: request error [[SSL: CERTIFICATE_VERIFY_FAILED] certificate verify failed (_ssl.c:579)]
[  233.856777] cloud-init[833]: 2020-06-15 23:32:19,704 - url_helper.py[WARNING]: Calling 'http://192.168.30.1/latest/meta-data/instance-id' failed [36/120s]: request error [[SSL: CERTIFICATE_VERIFY_FAILED] certificate verify failed (_ssl.c:579)]
[  237.998932] cloud-init[833]: 2020-06-15 23:32:23,846 - url_helper.py[WARNING]: Calling 'http://192.168.30.1/latest/meta-data/instance-id' failed [40/120s]: request error [[SSL: CERTIFICATE_VERIFY_FAILED] certificate verify failed (_ssl.c:579)]
[  242.133999] cloud-init[833]: 2020-06-15 23:32:27,981 - url_helper.py[WARNING]: Calling 'http://192.168.30.1/latest/meta-data/instance-id' failed [44/120s]: request error [[SSL: CERTIFICATE_VERIFY_FAILED] certificate verify failed (_ssl.c:579)]
[  246.268637] cloud-init[833]: 2020-06-15 23:32:32,116 - url_helper.py[WARNING]: Calling 'http://192.168.30.1/latest/meta-data/instance-id' failed [48/120s]: request error [[SSL: CERTIFICATE_VERIFY_FAILED] certificate verify failed (_ssl.c:579)]
[  250.402976] cloud-init[833]: 2020-06-15 23:32:36,250 - url_helper.py[WARNING]: Calling 'http://192.168.30.1/latest/meta-data/instance-id' failed [52/120s]: request error [[SSL: CERTIFICATE_VERIFY_FAILED] certificate verify failed (_ssl.c:579)]
[  255.538775] cloud-init[833]: 2020-06-15 23:32:41,386 - url_helper.py[WARNING]: Calling 'http://192.168.30.1/latest/meta-data/instance-id' failed [57/120s]: request error [[SSL: CERTIFICATE_VERIFY_FAILED] certificate verify failed (_ssl.c:579)]
[  260.674319] cloud-init[833]: 2020-06-15 23:32:46,521 - url_helper.py[WARNING]: Calling 'http://192.168.30.1/latest/meta-data/instance-id' failed [63/120s]: request error [[SSL: CERTIFICATE_VERIFY_FAILED] certificate verify failed (_ssl.c:579)]
[  265.809349] cloud-init[833]: 2020-06-15 23:32:51,656 - url_helper.py[WARNING]: Calling 'http://192.168.30.1/latest/meta-data/instance-id' failed [68/120s]: request error [[SSL: CERTIFICATE_VERIFY_FAILED] certificate verify failed (_ssl.c:579)]
[  270.944662] cloud-init[833]: 2020-06-15 23:32:56,792 - url_helper.py[WARNING]: Calling 'http://192.168.30.1/latest/meta-data/instance-id' failed [73/120s]: request error [[SSL: CERTIFICATE_VERIFY_FAILED] certificate verify failed (_ssl.c:579)]
[  276.079689] cloud-init[833]: 2020-06-15 23:33:01,927 - url_helper.py[WARNING]: Calling 'http://192.168.30.1/latest/meta-data/instance-id' failed [78/120s]: request error [[SSL: CERTIFICATE_VERIFY_FAILED] certificate verify failed (_ssl.c:579)]
[  282.211174] cloud-init[833]: 2020-06-15 23:33:08,058 - url_helper.py[WARNING]: Calling 'http://192.168.30.1/latest/meta-data/instance-id' failed [84/120s]: request error [[SSL: CERTIFICATE_VERIFY_FAILED] certificate verify failed (_ssl.c:579)]
[  288.347380] cloud-init[833]: 2020-06-15 23:33:14,194 - url_helper.py[WARNING]: Calling 'http://192.168.30.1/latest/meta-data/instance-id' failed [90/120s]: request error [[SSL: CERTIFICATE_VERIFY_FAILED] certificate verify failed (_ssl.c:579)]
[  294.483795] cloud-init[833]: 2020-06-15 23:33:20,331 - url_helper.py[WARNING]: Calling 'http://192.168.30.1/latest/meta-data/instance-id' failed [96/120s]: request error [[SSL: CERTIFICATE_VERIFY_FAILED] certificate verify failed (_ssl.c:579)]
[  300.613818] cloud-init[833]: 2020-06-15 23:33:26,461 - url_helper.py[WARNING]: Calling 'http://192.168.30.1/latest/meta-data/instance-id' failed [103/120s]: request error [[SSL: CERTIFICATE_VERIFY_FAILED] certificate verify failed (_ssl.c:579)]
qemu-kvm: terminating on signal 15 from pid 20348 ()
